{
  "svml_la": {
    "finite_tan_bit_mismatches": 185,
    "max_abs": 2.0,
    "four_residual_rows_bits": [
      1075788190,
      1075788190,
      1075788190,
      1075788190
    ],
    "masks_with_original_asvf_and_scalar_coefficients_and_core_atan": {
      "sun": 9,
      "shade": 20
    }
  },
  "sleef_u35_scalar": {
    "finite_tan_bit_mismatches": 209,
    "max_abs": 2.0,
    "four_residual_rows_bits": [
      1075788189,
      1075788189,
      1075788189,
      1075788189
    ],
    "masks_with_original_asvf_and_scalar_coefficients_and_core_atan": {
      "sun": 19,
      "shade": 9
    }
  },
  "sleef_u35_avx512": {
    "finite_tan_bit_mismatches": 209,
    "max_abs": 2.0,
    "four_residual_rows_bits": [
      1075788189,
      1075788189,
      1075788189,
      1075788189
    ],
    "masks_with_original_asvf_and_scalar_coefficients_and_core_atan": {
      "sun": 19,
      "shade": 9
    }
  }
}
