/home/ssynn3/workspace/solweig-light-portable-v1-20260920T022223Z-curaexec/tools/run_primitives.py:13: RuntimeWarning: invalid value encountered in sqrt
  c=np.load(oracle/'cura_189220_primitive_oracle.npz'); x=c['input_bits'].view(np.float32); sq=np.sqrt(x); y=asvf(x)
	Command being timed: "bash -c ulimit -v 12582912; exec env PYTHONNOUSERSITE=1 PYTHONPATH="/home/ssynn3/workspace/solweig-light-portable-v1-20260920T022223Z-curaexec/runtime/stubs:/home/ssynn3/workspace/solweig-light-portable-v1-20260920T022223Z-curaexec/runtime/site:/home/ssynn3/workspace/solweig-light-portable-v1-20260920T022223Z-curaexec/isolated_snapshot/src" NUMBA_NUM_THREADS=1 OMP_NUM_THREADS=1 OPENBLAS_NUM_THREADS=1 python3 -S tools/run_primitives.py"
	User time (seconds): 0.63
	System time (seconds): 0.08
	Percent of CPU this job got: 98%
	Elapsed (wall clock) time (h:mm:ss or m:ss): 0:00.73
	Average shared text size (kbytes): 0
	Average unshared data size (kbytes): 0
	Average stack size (kbytes): 0
	Average total size (kbytes): 0
	Maximum resident set size (kbytes): 181440
	Average resident set size (kbytes): 0
	Major (requiring I/O) page faults: 54
	Minor (reclaiming a frame) page faults: 23604
	Voluntary context switches: 222
	Involuntary context switches: 5
	Swaps: 0
	File system inputs: 19280
	File system outputs: 104
	Socket messages sent: 0
	Socket messages received: 0
	Signals delivered: 0
	Page size (bytes): 4096
	Exit status: 0
