
A module that was compiled using NumPy 1.x cannot be run in
NumPy 2.4.6 as it may crash. To support both 1.x and 2.x
versions of NumPy, modules must be compiled with NumPy 2.0.
Some module may need to rebuild instead e.g. with 'pybind11>=2.12'.

If you are a user of the module, the easiest solution will be to
downgrade to 'numpy<2' or try to upgrade the affected module.
We expect that some modules will need time to support NumPy 2.

Traceback (most recent call last):  File "/home/ssynn3/workspace/solweig-light-portable-v1-20260920T022223Z-curaexec/tools/run_stage_c_masks.py", line 162, in <module>
    raise SystemExit(main())
  File "/home/ssynn3/workspace/solweig-light-portable-v1-20260920T022223Z-curaexec/tools/run_stage_c_masks.py", line 52, in main
    from solweig_light.radiation import engine, patch_radiation
  File "/home/ssynn3/workspace/solweig-light-portable-v1-20260920T022223Z-curaexec/isolated_snapshot/src/solweig_light/radiation/engine.py", line 31, in <module>
    gdal.UseExceptions()
  File "/usr/lib/python3/dist-packages/osgeo/gdal.py", line 246, in UseExceptions
    from . import gdal_array
  File "/usr/lib/python3/dist-packages/osgeo/gdal_array.py", line 10, in <module>
    from . import _gdal_array
AttributeError: _ARRAY_API not found
	Command being timed: "bash -c ulimit -v 12582912; exec env PYTHONNOUSERSITE=1 PYTHONPATH="/home/ssynn3/workspace/solweig-light-portable-v1-20260920T022223Z-curaexec/runtime/site:/home/ssynn3/workspace/solweig-light-portable-v1-20260920T022223Z-curaexec/isolated_snapshot/src" NUMBA_NUM_THREADS=1 OMP_NUM_THREADS=1 OPENBLAS_NUM_THREADS=1 MKL_NUM_THREADS=1 python3 tools/run_stage_c_masks.py --paths both --output evidence/stage_c_linux_masks.json"
	User time (seconds): 12.26
	System time (seconds): 9.06
	Percent of CPU this job got: 99%
	Elapsed (wall clock) time (h:mm:ss or m:ss): 0:21.33
	Average shared text size (kbytes): 0
	Average unshared data size (kbytes): 0
	Average stack size (kbytes): 0
	Average total size (kbytes): 0
	Maximum resident set size (kbytes): 325936
	Average resident set size (kbytes): 0
	Major (requiring I/O) page faults: 7
	Minor (reclaiming a frame) page faults: 521697
	Voluntary context switches: 113
	Involuntary context switches: 110
	Swaps: 0
	File system inputs: 34128
	File system outputs: 72
	Socket messages sent: 0
	Socket messages received: 0
	Signals delivered: 0
	Page size (bytes): 4096
	Exit status: 0
